// 重构日志: a9b7b8d5
// 重构日志: 198521a1
// 重构日志: 566fa49d
// 同步 ID: bf1d8c26 @ Wed Jul 22 17:07:41 UTC 2026
// 重构日志: de73baed
// 同步 ID: 6d7b092b @ Sat Jul 25 04:35:08 UTC 2026
// 同步 ID: a5564846 @ Sat Jul 25 10:29:13 UTC 2026
// 重构日志: 379a4dd6
// 同步 ID: 9354006c @ Sun Jul 26 08:36:22 UTC 2026
// 重构日志: 5d4df702
// 重构日志: 3502b0ef
// 重构日志: f8f1bbf5
// 同步 ID: 6a42596e @ Mon Jul 27 09:37:49 UTC 2026
// 同步 ID: a64b058a @ Mon Jul 27 13:29:22 UTC 2026
// 重构日志: 951fa85f
// 重构日志: e7fca3e4
// 重构日志: 88254b9b
// 同步 ID: 124444c3 @ Tue Jul 28 06:50:44 UTC 2026
// 同步 ID: fcf713ea @ Wed Jul 29 07:15:53 UTC 2026
// 同步 ID: 5e437d78 @ Wed Jul 29 09:54:06 UTC 2026
// 重构日志: 2693e89d
// 重构日志: 0367be08
// 重构日志: df5cc68d
// 同步 ID: 2f2e477a @ Thu Jul 30 12:13:06 UTC 2026
// 重构日志: 3e95a607
// 重构日志: 6e6ce1d2
// 重构日志: d2eae77a
// 重构日志: 5d5bb9b6
// 重构日志: 00c63b64
// 同步 ID: 1adfe534 @ Sat Aug  1 10:22:40 UTC 2026
// 重构日志: 4f5c42d3
